Archive member included because of file (symbol)

/home/timothy/.pebble-sdk/SDKs/current/sdk-core/pebble/aplite/lib/libpebble.a(tmp7jpKUopebble.o)
                              src/c/watchface.c.33.o (app_event_loop)

Discarded input sections

 .text          0x00000000        0x0 /home/timothy/pebble-dev/pebble-sdk-4.5-linux32/arm-cs-tools/bin/../lib/gcc/arm-none-eabi/4.7.3/thumb2/crti.o
 .bss           0x00000000        0x0 /home/timothy/pebble-dev/pebble-sdk-4.5-linux32/arm-cs-tools/bin/../lib/gcc/arm-none-eabi/4.7.3/thumb2/crti.o
 .init          0x00000000        0x4 /home/timothy/pebble-dev/pebble-sdk-4.5-linux32/arm-cs-tools/bin/../lib/gcc/arm-none-eabi/4.7.3/thumb2/crti.o
 .fini          0x00000000        0x4 /home/timothy/pebble-dev/pebble-sdk-4.5-linux32/arm-cs-tools/bin/../lib/gcc/arm-none-eabi/4.7.3/thumb2/crti.o
 .text          0x00000000       0xc8 /home/timothy/pebble-dev/pebble-sdk-4.5-linux32/arm-cs-tools/bin/../lib/gcc/arm-none-eabi/4.7.3/thumb2/crtbegin.o
 .bss           0x00000000       0x1c /home/timothy/pebble-dev/pebble-sdk-4.5-linux32/arm-cs-tools/bin/../lib/gcc/arm-none-eabi/4.7.3/thumb2/crtbegin.o
 .init_array    0x00000000        0x4 /home/timothy/pebble-dev/pebble-sdk-4.5-linux32/arm-cs-tools/bin/../lib/gcc/arm-none-eabi/4.7.3/thumb2/crtbegin.o
 .fini_array    0x00000000        0x4 /home/timothy/pebble-dev/pebble-sdk-4.5-linux32/arm-cs-tools/bin/../lib/gcc/arm-none-eabi/4.7.3/thumb2/crtbegin.o
 .eh_frame      0x00000000        0x0 /home/timothy/pebble-dev/pebble-sdk-4.5-linux32/arm-cs-tools/bin/../lib/gcc/arm-none-eabi/4.7.3/thumb2/crtbegin.o
 .jcr           0x00000000        0x0 /home/timothy/pebble-dev/pebble-sdk-4.5-linux32/arm-cs-tools/bin/../lib/gcc/arm-none-eabi/4.7.3/thumb2/crtbegin.o
 .tm_clone_table
                0x00000000        0x0 /home/timothy/pebble-dev/pebble-sdk-4.5-linux32/arm-cs-tools/bin/../lib/gcc/arm-none-eabi/4.7.3/thumb2/crtbegin.o
 .text          0x00000000        0x0 src/c/watchface.c.33.o
 .bss           0x00000000        0x0 src/c/watchface.c.33.o
 .text          0x00000000        0x0 aplite/appinfo.auto.c.33.o
 .bss           0x00000000        0x0 aplite/appinfo.auto.c.33.o
 .text          0x00000000        0x0 aplite/src/resource_ids.auto.c.33.o
 .bss           0x00000000        0x0 aplite/src/resource_ids.auto.c.33.o
 .data.RESOURCE_ID_FONT_PERFECT_DOS_20
                0x00000000        0x4 aplite/src/resource_ids.auto.c.33.o
 .data.RESOURCE_ID_IMAGE_BACKGROUND
                0x00000000        0x4 aplite/src/resource_ids.auto.c.33.o
 .data.RESOURCE_ID_FONT_PERFECT_DOS_48
                0x00000000        0x4 aplite/src/resource_ids.auto.c.33.o
 .text          0x00000000        0x0 src/message_keys.auto.c.33.o
 .bss           0x00000000        0x0 src/message_keys.auto.c.33.o
 .bss           0x00000000        0x0 /home/timothy/.pebble-sdk/SDKs/current/sdk-core/pebble/aplite/lib/libpebble.a(tmp7jpKUopebble.o)
 .text.accel_data_service_subscribe__deprecated
                0x00000000        0xc /home/timothy/.pebble-sdk/SDKs/current/sdk-core/pebble/aplite/lib/libpebble.a(tmp7jpKUopebble.o)
 .text.accel_data_service_unsubscribe
                0x00000000        0xc /home/timothy/.pebble-sdk/SDKs/current/sdk-core/pebble/aplite/lib/libpebble.a(tmp7jpKUopebble.o)
 .text.accel_service_peek
                0x00000000        0xc /home/timothy/.pebble-sdk/SDKs/current/sdk-core/pebble/aplite/lib/libpebble.a(tmp7jpKUopebble.o)
 .text.accel_service_set_samples_per_update
                0x00000000        0xc /home/timothy/.pebble-sdk/SDKs/current/sdk-core/pebble/aplite/lib/libpebble.a(tmp7jpKUopebble.o)
 .text.accel_service_set_sampling_rate
                0x00000000        0xc /home/timothy/.pebble-sdk/SDKs/current/sdk-core/pebble/aplite/lib/libpebble.a(tmp7jpKUopebble.o)
 .text.accel_tap_service_subscribe
                0x00000000        0xc /home/timothy/.pebble-sdk/SDKs/current/sdk-core/pebble/aplite/lib/libpebble.a(tmp7jpKUopebble.o)
 .text.accel_tap_service_unsubscribe
                0x00000000        0xc /home/timothy/.pebble-sdk/SDKs/current/sdk-core/pebble/aplite/lib/libpebble.a(tmp7jpKUopebble.o)
 .text.action_bar_layer_legacy2_add_to_window
                0x00000000        0xc /home/timothy/.pebble-sdk/SDKs/current/sdk-core/pebble/aplite/lib/libpebble.a(tmp7jpKUopebble.o)
 .text.action_bar_layer_legacy2_clear_icon
                0x00000000        0xc /home/timothy/.pebble-sdk/SDKs/current/sdk-core/pebble/aplite/lib/libpebble.a(tmp7jpKUopebble.o)
 .text.action_bar_layer_legacy2_create
                0x00000000        0xc /home/timothy/.pebble-sdk/SDKs/current/sdk-core/pebble/aplite/lib/libpebble.a(tmp7jpKUopebble.o)
 .text.action_bar_layer_legacy2_destroy
                0x00000000        0xc /home/timothy/.pebble-sdk/SDKs/current/sdk-core/pebble/aplite/lib/libpebble.a(tmp7jpKUopebble.o)
 .text.action_bar_layer_legacy2_get_layer
[...]
Memory Configuration

Name             Origin             Length             Attributes
APP              0x00000000         0x00006000         xrw
*default*        0x00000000         0xffffffff

Linker script and memory map

LOAD /home/timothy/pebble-dev/pebble-sdk-4.5-linux32/arm-cs-tools/bin/../lib/gcc/arm-none-eabi/4.7.3/thumb2/crti.o
LOAD /home/timothy/pebble-dev/pebble-sdk-4.5-linux32/arm-cs-tools/bin/../lib/gcc/arm-none-eabi/4.7.3/thumb2/crtbegin.o
LOAD src/c/watchface.c.33.o
LOAD aplite/appinfo.auto.c.33.o
LOAD aplite/src/resource_ids.auto.c.33.o
LOAD src/message_keys.auto.c.33.o
LOAD /home/timothy/.pebble-sdk/SDKs/current/sdk-core/pebble/aplite/lib/libpebble.a
START GROUP
LOAD /home/timothy/pebble-dev/pebble-sdk-4.5-linux32/arm-cs-tools/bin/../lib/gcc/arm-none-eabi/4.7.3/thumb2/libgcc.a
LOAD /home/timothy/pebble-dev/pebble-sdk-4.5-linux32/arm-cs-tools/bin/../lib/gcc/arm-none-eabi/4.7.3/../../../../arm-none-eabi/lib/thumb2/libc.a
END GROUP
LOAD /home/timothy/pebble-dev/pebble-sdk-4.5-linux32/arm-cs-tools/bin/../lib/gcc/arm-none-eabi/4.7.3/thumb2/crtend.o
LOAD /home/timothy/pebble-dev/pebble-sdk-4.5-linux32/arm-cs-tools/bin/../lib/gcc/arm-none-eabi/4.7.3/thumb2/crtn.o

.header         0x00000000       0x82
 *(.pbl_header)
 .pbl_header    0x00000000       0x82 aplite/appinfo.auto.c.33.o
                0x00000000                __pbl_app_info

.note.gnu.build-id
                0x00000082       0x26
                0x00000082                PROVIDE (BUILD_ID, .)
 *(.note.gnu.build-id)
 *fill*         0x00000082        0x2 
 .note.gnu.build-id
                0x00000084       0x24 linker stubs

.text           0x000000a8      0x79d
 *(.text)
 .text          0x000000a8       0x14 /home/timothy/.pebble-sdk/SDKs/current/sdk-core/pebble/aplite/lib/libpebble.a(tmp7jpKUopebble.o)
 *(.text.*)
 .text.update_time
                0x000000bc       0x54 src/c/watchface.c.33.o
 .text.battery_callback
                0x00000110       0x20 src/c/watchface.c.33.o
 .text.outbox_sent_callback
                0x00000130       0x18 src/c/watchface.c.33.o
 .text.outbox_failed_callback
                0x00000148       0x18 src/c/watchface.c.33.o
 .text.inbox_dropped_callback
                0x00000160       0x18 src/c/watchface.c.33.o
 .text.inbox_received_callback
                0x00000178       0xa4 src/c/watchface.c.33.o
 .text.main_window_unload
                0x0000021c       0x68 src/c/watchface.c.33.o
 .text.main_window_load
                0x00000284      0x178 src/c/watchface.c.33.o
 .text.battery_update_proc
                0x000003fc       0x74 src/c/watchface.c.33.o
 .text.tick_handler
                0x00000470       0x2c src/c/watchface.c.33.o
 .text.startup.main
                0x0000049c       0xe0 src/c/watchface.c.33.o
                0x0000049c                main
 .text.app_event_loop
                0x0000057c        0xc /home/timothy/.pebble-sdk/SDKs/current/sdk-core/pebble/aplite/lib/libpebble.a(tmp7jpKUopebble.o)
                0x0000057c                app_event_loop
 .text.app_log  0x00000588        0xc /home/timothy/.pebble-sdk/SDKs/current/sdk-core/pebble/aplite/lib/libpebble.a(tmp7jpKUopebble.o)
                0x00000588                app_log
 .text.app_message_open
                0x00000594        0xc /home/timothy/.pebble-sdk/SDKs/current/sdk-core/pebble/aplite/lib/libpebble.a(tmp7jpKUopebble.o)
                0x00000594                app_message_open
 .text.battery_state_service_peek
                0x000005a0        0xc /home/timothy/.pebble-sdk/SDKs/current/sdk-core/pebble/aplite/lib/libpebble.a(tmp7jpKUopebble.o)
                0x000005a0                battery_state_service_peek
 .text.battery_state_service_subscribe
                0x000005ac        0xc /home/timothy/.pebble-sdk/SDKs/current/sdk-core/pebble/aplite/lib/libpebble.a(tmp7jpKUopebble.o)
                0x000005ac                battery_state_service_subscribe
 .text.bitmap_layer_create
                0x000005b8        0xc /home/timothy/.pebble-sdk/SDKs/current/sdk-core/pebble/aplite/lib/libpebble.a(tmp7jpKUopebble.o)
                0x000005b8                bitmap_layer_create
 .text.bitmap_layer_destroy
                0x000005c4        0xc /home/timothy/.pebble-sdk/SDKs/current/sdk-core/pebble/aplite/lib/libpebble.a(tmp7jpKUopebble.o)
                0x000005c4                bitmap_layer_destroy
 .text.bitmap_layer_get_layer
                0x000005d0        0xc /home/timothy/.pebble-sdk/SDKs/current/sdk-core/pebble/aplite/lib/libpebble.a(tmp7jpKUopebble.o)
                0x000005d0                bitmap_layer_get_layer
 .text.bitmap_layer_set_bitmap
                0x000005dc        0xc /home/timothy/.pebble-sdk/SDKs/current/sdk-core/pebble/aplite/lib/libpebble.a(tmp7jpKUopebble.o)
                0x000005dc                bitmap_layer_set_bitmap
 .text.clock_is_24h_style
                0x000005e8        0xc /home/timothy/.pebble-sdk/SDKs/current/sdk-core/pebble/aplite/lib/libpebble.a(tmp7jpKUopebble.o)
                0x000005e8                clock_is_24h_style
 .text.dict_find
                0x000005f4        0xc /home/timothy/.pebble-sdk/SDKs/current/sdk-core/pebble/aplite/lib/libpebble.a(tmp7jpKUopebble.o)
                0x000005f4                dict_find
 .text.dict_write_uint8
                0x00000600        0xc /home/timothy/.pebble-sdk/SDKs/current/sdk-core/pebble/aplite/lib/libpebble.a(tmp7jpKUopebble.o)
                0x00000600                dict_write_uint8
 .text.fonts_load_custom_font
                0x0000060c        0xc /home/timothy/.pebble-sdk/SDKs/current/sdk-core/pebble/aplite/lib/libpebble.a(tmp7jpKUopebble.o)
                0x0000060c                fonts_load_custom_font
 .text.fonts_unload_custom_font
                0x00000618        0xc /home/timothy/.pebble-sdk/SDKs/current/sdk-core/pebble/aplite/lib/libpebble.a(tmp7jpKUopebble.o)
                0x00000618                fonts_unload_custom_font
 .text.gbitmap_create_with_resource
                0x00000624        0xc /home/timothy/.pebble-sdk/SDKs/current/sdk-core/pebble/aplite/lib/libpebble.a(tmp7jpKUopebble.o)
                0x00000624                gbitmap_create_with_resource
 .text.gbitmap_destroy
                0x00000630        0xc /home/timothy/.pebble-sdk/SDKs/current/sdk-core/pebble/aplite/lib/libpebble.a(tmp7jpKUopebble.o)
                0x00000630                gbitmap_destroy
 .text.graphics_fill_rect
                0x0000063c        0xc /home/timothy/.pebble-sdk/SDKs/current/sdk-core/pebble/aplite/lib/libpebble.a(tmp7jpKUopebble.o)
                0x0000063c                graphics_fill_rect
 .text.layer_add_child
                0x00000648        0xc /home/timothy/.pebble-sdk/SDKs/current/sdk-core/pebble/aplite/lib/libpebble.a(tmp7jpKUopebble.o)
                0x00000648                layer_add_child
 .text.layer_create
                0x00000654        0xc /home/timothy/.pebble-sdk/SDKs/current/sdk-core/pebble/aplite/lib/libpebble.a(tmp7jpKUopebble.o)
                0x00000654                layer_create
 .text.layer_destroy
                0x00000660        0xc /home/timothy/.pebble-sdk/SDKs/current/sdk-core/pebble/aplite/lib/libpebble.a(tmp7jpKUopebble.o)
                0x00000660                layer_destroy
 .text.layer_get_bounds
                0x0000066c        0xc /home/timothy/.pebble-sdk/SDKs/current/sdk-core/pebble/aplite/lib/libpebble.a(tmp7jpKUopebble.o)
                0x0000066c                layer_get_bounds
 .text.layer_mark_dirty
                0x00000678        0xc /home/timothy/.pebble-sdk/SDKs/current/sdk-core/pebble/aplite/lib/libpebble.a(tmp7jpKUopebble.o)
                0x00000678                layer_mark_dirty
 .text.layer_set_update_proc
                0x00000684        0xc /home/timothy/.pebble-sdk/SDKs/current/sdk-core/pebble/aplite/lib/libpebble.a(tmp7jpKUopebble.o)
                0x00000684                layer_set_update_proc
 .text.memset   0x00000690        0xc /home/timothy/.pebble-sdk/SDKs/current/sdk-core/pebble/aplite/lib/libpebble.a(tmp7jpKUopebble.o)
                0x00000690                memset
 .text.resource_get_handle
                0x0000069c        0xc /home/timothy/.pebble-sdk/SDKs/current/sdk-core/pebble/aplite/lib/libpebble.a(tmp7jpKUopebble.o)
                0x0000069c                resource_get_handle
 .text.snprintf
                0x000006a8        0xc /home/timothy/.pebble-sdk/SDKs/current/sdk-core/pebble/aplite/lib/libpebble.a(tmp7jpKUopebble.o)
                0x000006a8                snprintf
 .text.strftime
                0x000006b4        0xc /home/timothy/.pebble-sdk/SDKs/current/sdk-core/pebble/aplite/lib/libpebble.a(tmp7jpKUopebble.o)
                0x000006b4                strftime
 .text.tick_timer_service_subscribe
                0x000006c0        0xc /home/timothy/.pebble-sdk/SDKs/current/sdk-core/pebble/aplite/lib/libpebble.a(tmp7jpKUopebble.o)
                0x000006c0                tick_timer_service_subscribe
 .text.window_create
                0x000006cc        0xc /home/timothy/.pebble-sdk/SDKs/current/sdk-core/pebble/aplite/lib/libpebble.a(tmp7jpKUopebble.o)
                0x000006cc                window_create
 .text.window_destroy
                0x000006d8        0xc /home/timothy/.pebble-sdk/SDKs/current/sdk-core/pebble/aplite/lib/libpebble.a(tmp7jpKUopebble.o)
                0x000006d8                window_destroy
 .text.window_get_root_layer
                0x000006e4        0xc /home/timothy/.pebble-sdk/SDKs/current/sdk-core/pebble/aplite/lib/libpebble.a(tmp7jpKUopebble.o)
                0x000006e4                window_get_root_layer
 .text.window_set_window_handlers
                0x000006f0        0xc /home/timothy/.pebble-sdk/SDKs/current/sdk-core/pebble/aplite/lib/libpebble.a(tmp7jpKUopebble.o)
                0x000006f0                window_set_window_handlers
 .text.window_stack_push
                0x000006fc        0xc /home/timothy/.pebble-sdk/SDKs/current/sdk-core/pebble/aplite/lib/libpebble.a(tmp7jpKUopebble.o)
                0x000006fc                window_stack_push
 .text.app_message_outbox_begin
                0x00000708        0xc /home/timothy/.pebble-sdk/SDKs/current/sdk-core/pebble/aplite/lib/libpebble.a(tmp7jpKUopebble.o)
                0x00000708                app_message_outbox_begin
 .text.app_message_outbox_send
                0x00000714        0xc /home/timothy/.pebble-sdk/SDKs/current/sdk-core/pebble/aplite/lib/libpebble.a(tmp7jpKUopebble.o)
                0x00000714                app_message_outbox_send
 .text.app_message_register_inbox_dropped
                0x00000720        0xc /home/timothy/.pebble-sdk/SDKs/current/sdk-core/pebble/aplite/lib/libpebble.a(tmp7jpKUopebble.o)
                0x00000720                app_message_register_inbox_dropped
 .text.app_message_register_inbox_received
                0x0000072c        0xc /home/timothy/.pebble-sdk/SDKs/current/sdk-core/pebble/aplite/lib/libpebble.a(tmp7jpKUopebble.o)
                0x0000072c                app_message_register_inbox_received
 .text.app_message_register_outbox_failed
                0x00000738        0xc /home/timothy/.pebble-sdk/SDKs/current/sdk-core/pebble/aplite/lib/libpebble.a(tmp7jpKUopebble.o)
                0x00000738                app_message_register_outbox_failed
 .text.app_message_register_outbox_sent
                0x00000744        0xc /home/timothy/.pebble-sdk/SDKs/current/sdk-core/pebble/aplite/lib/libpebble.a(tmp7jpKUopebble.o)
                0x00000744                app_message_register_outbox_sent
 .text.graphics_context_set_fill_color
                0x00000750        0xc /home/timothy/.pebble-sdk/SDKs/current/sdk-core/pebble/aplite/lib/libpebble.a(tmp7jpKUopebble.o)
                0x00000750                graphics_context_set_fill_color
 .text.window_set_background_color
                0x0000075c        0xc /home/timothy/.pebble-sdk/SDKs/current/sdk-core/pebble/aplite/lib/libpebble.a(tmp7jpKUopebble.o)
                0x0000075c                window_set_background_color
 .text.localtime
                0x00000768        0xc /home/timothy/.pebble-sdk/SDKs/current/sdk-core/pebble/aplite/lib/libpebble.a(tmp7jpKUopebble.o)
                0x00000768                localtime
 .text.text_layer_create
                0x00000774        0xc /home/timothy/.pebble-sdk/SDKs/current/sdk-core/pebble/aplite/lib/libpebble.a(tmp7jpKUopebble.o)
                0x00000774                text_layer_create
 .text.text_layer_destroy
                0x00000780        0xc /home/timothy/.pebble-sdk/SDKs/current/sdk-core/pebble/aplite/lib/libpebble.a(tmp7jpKUopebble.o)
                0x00000780                text_layer_destroy
 .text.text_layer_get_layer
                0x0000078c        0xc /home/timothy/.pebble-sdk/SDKs/current/sdk-core/pebble/aplite/lib/libpebble.a(tmp7jpKUopebble.o)
                0x0000078c                text_layer_get_layer
 .text.text_layer_set_background_color
                0x00000798        0xc /home/timothy/.pebble-sdk/SDKs/current/sdk-core/pebble/aplite/lib/libpebble.a(tmp7jpKUopebble.o)
                0x00000798                text_layer_set_background_color
 .text.text_layer_set_font
                0x000007a4        0xc /home/timothy/.pebble-sdk/SDKs/current/sdk-core/pebble/aplite/lib/libpebble.a(tmp7jpKUopebble.o)
                0x000007a4                text_layer_set_font
 .text.text_layer_set_text
                0x000007b0        0xc /home/timothy/.pebble-sdk/SDKs/current/sdk-core/pebble/aplite/lib/libpebble.a(tmp7jpKUopebble.o)
                0x000007b0                text_layer_set_text
 .text.text_layer_set_text_alignment
                0x000007bc        0xc /home/timothy/.pebble-sdk/SDKs/current/sdk-core/pebble/aplite/lib/libpebble.a(tmp7jpKUopebble.o)
                0x000007bc                text_layer_set_text_alignment
 .text.text_layer_set_text_color
                0x000007c8        0xc /home/timothy/.pebble-sdk/SDKs/current/sdk-core/pebble/aplite/lib/libpebble.a(tmp7jpKUopebble.o)
                0x000007c8                text_layer_set_text_color
 .text.time     0x000007d4        0xc /home/timothy/.pebble-sdk/SDKs/current/sdk-core/pebble/aplite/lib/libpebble.a(tmp7jpKUopebble.o)
                0x000007d4                time
 *(.rodata)
 .rodata        0x000007e0        0x8 src/c/watchface.c.33.o
 *(.rodata*)
 .rodata.str1.1
                0x000007e8       0x5d src/c/watchface.c.33.o
                                 0x60 (size before relaxing)

.glue_7         0x00000848        0x0
 .glue_7        0x00000000        0x0 linker stubs

.glue_7t        0x00000848        0x0
 .glue_7t       0x00000000        0x0 linker stubs

.vfp11_veneer   0x00000848        0x0
 .vfp11_veneer  0x00000000        0x0 linker stubs

.v4_bx          0x00000848        0x0
 .v4_bx         0x00000000        0x0 linker stubs

.iplt           0x00000848        0x0
 .iplt          0x00000000        0x0 /home/timothy/pebble-dev/pebble-sdk-4.5-linux32/arm-cs-tools/bin/../lib/gcc/arm-none-eabi/4.7.3/thumb2/crtbegin.o

.rel.dyn        0x00000848        0x0
 .rel.iplt      0x00000000        0x0 /home/timothy/pebble-dev/pebble-sdk-4.5-linux32/arm-cs-tools/bin/../lib/gcc/arm-none-eabi/4.7.3/thumb2/crtbegin.o
 .rel.got       0x00000000        0x0 /home/timothy/pebble-dev/pebble-sdk-4.5-linux32/arm-cs-tools/bin/../lib/gcc/arm-none-eabi/4.7.3/thumb2/crtbegin.o

.data           0x00000848        0xc
 *(.data)
 .data          0x00000848        0x0 /home/timothy/pebble-dev/pebble-sdk-4.5-linux32/arm-cs-tools/bin/../lib/gcc/arm-none-eabi/4.7.3/thumb2/crti.o
 .data          0x00000848        0x4 /home/timothy/pebble-dev/pebble-sdk-4.5-linux32/arm-cs-tools/bin/../lib/gcc/arm-none-eabi/4.7.3/thumb2/crtbegin.o
                0x00000848                __dso_handle
 .data          0x0000084c        0x0 src/c/watchface.c.33.o
 .data          0x0000084c        0x0 aplite/appinfo.auto.c.33.o
 .data          0x0000084c        0x0 aplite/src/resource_ids.auto.c.33.o
 .data          0x0000084c        0x0 src/message_keys.auto.c.33.o
 .data          0x0000084c        0x0 /home/timothy/.pebble-sdk/SDKs/current/sdk-core/pebble/aplite/lib/libpebble.a(tmp7jpKUopebble.o)
 .data          0x0000084c        0x0 /home/timothy/pebble-dev/pebble-sdk-4.5-linux32/arm-cs-tools/bin/../lib/gcc/arm-none-eabi/4.7.3/thumb2/crtend.o
 .data          0x0000084c        0x0 /home/timothy/pebble-dev/pebble-sdk-4.5-linux32/arm-cs-tools/bin/../lib/gcc/arm-none-eabi/4.7.3/thumb2/crtn.o
 *(.data.*)
 .data.MESSAGE_KEY_TEMPERATURE
                0x0000084c        0x4 src/message_keys.auto.c.33.o
                0x0000084c                MESSAGE_KEY_TEMPERATURE
 .data.MESSAGE_KEY_CONDITIONS
                0x00000850        0x4 src/message_keys.auto.c.33.o
                0x00000850                MESSAGE_KEY_CONDITIONS

.igot.plt       0x00000854        0x0
 .igot.plt      0x00000000        0x0 /home/timothy/pebble-dev/pebble-sdk-4.5-linux32/arm-cs-tools/bin/../lib/gcc/arm-none-eabi/4.7.3/thumb2/crtbegin.o

.got            0x00000854        0x8
 .got           0x00000854        0x8 /home/timothy/pebble-dev/pebble-sdk-4.5-linux32/arm-cs-tools/bin/../lib/gcc/arm-none-eabi/4.7.3/thumb2/crtbegin.o

.got.plt        0x0000085c        0xc
 .got.plt       0x0000085c        0xc /home/timothy/pebble-dev/pebble-sdk-4.5-linux32/arm-cs-tools/bin/../lib/gcc/arm-none-eabi/4.7.3/thumb2/crtbegin.o
                0x0000085c                _GLOBAL_OFFSET_TABLE_

.bss            0x00000868       0x74
 *(.bss)
 *(.bss.*)
 .bss.temperature_buffer.7518
                0x00000868        0x8 src/c/watchface.c.33.o
 .bss.s_background_layer
                0x00000870        0x4 src/c/watchface.c.33.o
 .bss.s_weather_font
                0x00000874        0x4 src/c/watchface.c.33.o
 .bss.s_battery_layer
                0x00000878        0x4 src/c/watchface.c.33.o
 .bss.s_time_layer
                0x0000087c        0x4 src/c/watchface.c.33.o
 .bss.s_background_bitmap
                0x00000880        0x4 src/c/watchface.c.33.o
 .bss.s_time_font
                0x00000884        0x4 src/c/watchface.c.33.o
 .bss.weather_layer_buffer.7520
                0x00000888       0x20 src/c/watchface.c.33.o
 .bss.s_weather_layer
                0x000008a8        0x4 src/c/watchface.c.33.o
 .bss.s_battery_level
                0x000008ac        0x4 src/c/watchface.c.33.o
 .bss.s_main_window
                0x000008b0        0x4 src/c/watchface.c.33.o
 .bss.conditions_buffer.7519
                0x000008b4       0x20 src/c/watchface.c.33.o
 .bss.s_buffer.7484
                0x000008d4        0x8 src/c/watchface.c.33.o

DISCARD
 libc.a(*)
 libm.a(*)
 libgcc.a(*)
 *(.eh_frame)
OUTPUT(/home/timothy/Development/watchface/build/aplite/pebble-app.elf elf32-littlearm)

.ARM.attributes
                0x00000000       0x27
 .ARM.attributes
                0x00000000       0x19 /home/timothy/pebble-dev/pebble-sdk-4.5-linux32/arm-cs-tools/bin/../lib/gcc/arm-none-eabi/4.7.3/thumb2/crti.o
 .ARM.attributes
                0x00000019       0x29 /home/timothy/pebble-dev/pebble-sdk-4.5-linux32/arm-cs-tools/bin/../lib/gcc/arm-none-eabi/4.7.3/thumb2/crtbegin.o
 .ARM.attributes
                0x00000042       0x33 src/c/watchface.c.33.o
 .ARM.attributes
                0x00000075       0x33 aplite/appinfo.auto.c.33.o
 .ARM.attributes
                0x000000a8       0x33 aplite/src/resource_ids.auto.c.33.o
 .ARM.attributes
                0x000000db       0x33 src/message_keys.auto.c.33.o
 .ARM.attributes
                0x0000010e       0x21 /home/timothy/.pebble-sdk/SDKs/current/sdk-core/pebble/aplite/lib/libpebble.a(tmp7jpKUopebble.o)
 .ARM.attributes
                0x0000012f       0x29 /home/timothy/pebble-dev/pebble-sdk-4.5-linux32/arm-cs-tools/bin/../lib/gcc/arm-none-eabi/4.7.3/thumb2/crtend.o
 .ARM.attributes
                0x00000158       0x19 /home/timothy/pebble-dev/pebble-sdk-4.5-linux32/arm-cs-tools/bin/../lib/gcc/arm-none-eabi/4.7.3/thumb2/crtn.o

.comment        0x00000000       0x4e
 .comment       0x00000000       0x4e /home/timothy/pebble-dev/pebble-sdk-4.5-linux32/arm-cs-tools/bin/../lib/gcc/arm-none-eabi/4.7.3/thumb2/crtbegin.o
                                 0x4f (size before relaxing)
 .comment       0x00000000       0x4f src/c/watchface.c.33.o
 .comment       0x00000000       0x4f aplite/appinfo.auto.c.33.o
 .comment       0x00000000       0x4f aplite/src/resource_ids.auto.c.33.o
 .comment       0x00000000       0x4f src/message_keys.auto.c.33.o
 .comment       0x00000000       0x4f /home/timothy/pebble-dev/pebble-sdk-4.5-linux32/arm-cs-tools/bin/../lib/gcc/arm-none-eabi/4.7.3/thumb2/crtend.o

.debug_info     0x00000000     0x1b4f
 .debug_info    0x00000000     0x16fd src/c/watchface.c.33.o
 .debug_info    0x000016fd      0x31a aplite/appinfo.auto.c.33.o
 .debug_info    0x00001a17       0xa5 aplite/src/resource_ids.auto.c.33.o
 .debug_info    0x00001abc       0x93 src/message_keys.auto.c.33.o

.debug_abbrev   0x00000000      0x47a
 .debug_abbrev  0x00000000      0x354 src/c/watchface.c.33.o
 .debug_abbrev  0x00000354       0x9e aplite/appinfo.auto.c.33.o
 .debug_abbrev  0x000003f2       0x44 aplite/src/resource_ids.auto.c.33.o
 .debug_abbrev  0x00000436       0x44 src/message_keys.auto.c.33.o

.debug_loc      0x00000000      0x3e0
 .debug_loc     0x00000000      0x3e0 src/c/watchface.c.33.o

.debug_aranges  0x00000000       0xb8
 .debug_aranges
                0x00000000       0x70 src/c/watchface.c.33.o
 .debug_aranges
                0x00000070       0x18 aplite/appinfo.auto.c.33.o
 .debug_aranges
                0x00000088       0x18 aplite/src/resource_ids.auto.c.33.o
 .debug_aranges
                0x000000a0       0x18 src/message_keys.auto.c.33.o

.debug_ranges   0x00000000       0x60
 .debug_ranges  0x00000000       0x60 src/c/watchface.c.33.o

.debug_line     0x00000000      0x685
 .debug_line    0x00000000      0x3cf src/c/watchface.c.33.o
 .debug_line    0x000003cf      0x123 aplite/appinfo.auto.c.33.o
 .debug_line    0x000004f2       0xcd aplite/src/resource_ids.auto.c.33.o
 .debug_line    0x000005bf       0xc6 src/message_keys.auto.c.33.o

.debug_str      0x00000000      0xfac
 .debug_str     0x00000000      0xce2 src/c/watchface.c.33.o
                                0xdae (size before relaxing)
 .debug_str     0x00000ce2      0x236 aplite/appinfo.auto.c.33.o
                                0x318 (size before relaxing)
 .debug_str     0x00000f18       0x7c aplite/src/resource_ids.auto.c.33.o
                                0x13f (size before relaxing)
 .debug_str     0x00000f94       0x18 src/message_keys.auto.c.33.o
                                0x10a (size before relaxing)

.debug_frame    0x00000000      0x130
 .debug_frame   0x00000000      0x130 src/c/watchface.c.33.o
